2026-09-28 23:52:10 === Том 1905 ===
/Users/ivanselivanov/projects/senat_downloader/senat_pdfs/se_a_u_k_ow_-da_e_o-u_k_ow_1905.pdf: 168 стр., развороты, 200 dpi -> work/1905
страниц: 336, осталось: 326
p0001_L: 47 зн., 6 с
p0001_R: 139 зн., 10 с
p0002_L: 201 зн., 10 с
p0002_R: 1855 зн., 21 с
p0003_L: 3021 зн., 13 с
p0003_R: 2781 зн., 14 с
p0004_L: 2691 зн., 16 с
p0004_R: 2787 зн., 24 с
p0005_L: 2764 зн., 25 с
p0005_R: 2781 зн., 13 с
p0006_L: 2698 зн., 26 с
p0006_R: 3064 зн., 13 с
p0007_L: 2773 зн., 14 с
p0007_R: 3067 зн., 14 с
p0008_L: 2674 зн., 23 с
p0008_R: 2925 зн., 22 с
p0009_L: 2496 зн., 14 с
p0009_R: 2919 зн., 13 с
p0010_L: 2758 зн., 15 с
p0010_R: 2973 зн., 19 с
p0011_L: 3034 зн., 23 с
p0011_R: 5506 зн., 25 с
p0012_L: 3017 зн., 13 с
p0012_R: 2903 зн., 26 с
p0013_L: 2877 зн., 18 с
p0013_R: 3047 зн., 25 с
p0014_L: 2953 зн., 19 с
p0014_R: 2761 зн., 18 с
p0015_L: 2897 зн., 15 с
p0015_R: 2735 зн., 16 с
p0016_L: 3009 зн., 12 с
p0016_R: 2823 зн., 17 с
p0017_L: 2909 зн., 18 с
p0017_R: 2952 зн., 18 с
p0018_L: 2758 зн., 14 с
p0018_R: 2913 зн., 20 с
p0019_L: 2922 зн., 17 с
p0019_R: 3028 зн., 19 с
p0020_L: 2742 зн., 19 с
p0020_R: 2766 зн., 19 с
p0021_L: 2907 зн., 17 с
p0021_R: 3040 зн., 16 с
p0022_L: 2629 зн., 17 с
p0022_R: 2893 зн., 14 с
p0023_L: 3023 зн., 18 с
p0023_R: 2865 зн., 23 с
p0024_L: 2910 зн., 24 с
p0024_R: 3028 зн., 25 с
p0025_L: 2770 зн., 21 с
p0025_R: 3084 зн., 17 с
p0026_L: 2782 зн., 15 с
p0026_R: 3011 зн., 21 с
p0027_L: 3057 зн., 13 с
p0027_R: 2789 зн., 18 с
p0028_L: 2995 зн., 14 с
p0028_R: 3062 зн., 20 с
p0029_L: 3085 зн., 19 с
p0029_R: 2850 зн., 17 с
p0030_L: 2891 зн., 18 с
p0030_R: 3038 зн., 13 с
p0031_L: 2522 зн., 16 с
p0031_R: 2891 зн., 18 с
p0032_L: 2979 зн., 15 с
p0032_R: 2735 зн., 22 с
p0033_L: 2964 зн., 18 с
p0033_R: 2807 зн., 16 с
p0034_L: 2879 зн., 14 с
p0034_R: 2970 зн., 19 с
p0035_L: 2879 зн., 22 с
p0035_R: 3014 зн., 16 с
p0036_L: 2758 зн., 14 с
p0036_R: 2777 зн., 24 с
p0037_L: 2774 зн., 16 с
p0037_R: 3075 зн., 15 с
p0038_L: 3154 зн., 20 с
p0038_R: 3014 зн., 29 с
p0039_L: 3485 зн., 18 с
p0039_R: 3013 зн., 17 с
p0040_L: 3043 зн., 18 с
p0040_R: 3017 зн., 12 с
p0041_L: 3013 зн., 19 с
p0041_R: 2802 зн., 21 с
p0042_L: 3090 зн., 14 с
p0042_R: 2950 зн., 18 с
p0043_L: 2856 зн., 15 с
p0043_R: 2927 зн., 16 с
p0044_L: 3078 зн., 16 с
p0044_R: 2855 зн., 14 с
p0045_L: 3060 зн., 18 с
p0045_R: 2560 зн., 14 с
p0046_L: 2902 зн., 17 с
p0046_R: 2735 зн., 13 с
p0047_L: 2941 зн., 20 с
p0047_R: 2799 зн., 15 с
p0048_L: 3087 зн., 15 с
p0048_R: 2977 зн., 15 с
p0049_L: 3015 зн., 17 с
p0049_R: 2806 зн., 11 с
p0050_L: 2910 зн., 15 с
p0050_R: 3118 зн., 12 с
p0051_L: 2819 зн., 25 с
p0051_R: 2926 зн., 14 с
p0052_L: 3026 зн., 14 с
p0052_R: 2762 зн., 14 с
p0053_L: 2924 зн., 25 с
p0053_R: 3018 зн., 13 с
p0054_L: 2761 зн., 16 с
p0054_R: 3032 зн., 15 с
p0055_L: 2958 зн., 18 с
p0055_R: 2721 зн., 23 с
p0056_L: 2900 зн., 16 с
p0056_R: 3004 зн., 15 с
p0057_L: 2765 зн., 19 с
p0057_R: 3037 зн., 16 с
p0058_L: 3108 зн., 14 с
p0058_R: 3092 зн., 23 с
p0059_L: 2835 зн., 17 с
p0059_R: 3061 зн., 15 с
p0065_L: 3075 зн., 14 с
p0065_R: 3092 зн., 15 с
p0066_L: 2777 зн., 13 с
p0066_R: 2779 зн., 22 с
p0067_L: 2990 зн., 16 с
p0067_R: 2794 зн., 15 с
p0068_L: 2983 зн., 18 с
p0068_R: 3039 зн., 14 с
p0069_L: 3029 зн., 15 с
p0069_R: 2867 зн., 13 с
p0070_L: 2998 зн., 14 с
p0070_R: 3012 зн., 15 с
p0071_L: 2867 зн., 14 с
p0071_R: 2965 зн., 16 с
p0072_L: 3015 зн., 16 с
p0072_R: 2680 зн., 14 с
p0073_L: 2924 зн., 13 с
p0073_R: 3087 зн., 15 с
p0074_L: 2751 зн., 14 с
p0074_R: 2934 зн., 23 с
p0075_L: 3027 зн., 13 с
p0075_R: 2795 зн., 11 с
p0076_L: 4040 зн., 16 с
p0076_R: 2934 зн., 16 с
p0077_L: 3046 зн., 14 с
p0077_R: 2682 зн., 13 с
p0078_L: 2905 зн., 13 с
p0078_R: 2723 зн., 21 с
p0079_L: 2991 зн., 15 с
p0079_R: 2825 зн., 13 с
p0080_L: 2976 зн., 19 с
p0080_R: 3025 зн., 17 с
p0081_L: 3034 зн., 13 с
p0081_R: 2744 зн., 14 с
p0082_L: 3002 зн., 15 с
p0082_R: 2811 зн., 18 с
p0083_L: 2715 зн., 15 с
p0083_R: 2971 зн., 15 с
p0084_L: 3022 зн., 15 с
p0084_R: 2904 зн., 12 с
p0085_L: 3025 зн., 13 с
p0085_R: 3023 зн., 14 с
p0086_L: 3007 зн., 16 с
p0086_R: 2744 зн., 15 с
p0087_L: 3074 зн., 18 с

Остановка на p0087_R: код 1. Похоже, исчерпан лимит.
You've hit your session limit · resets 2:40am (Europe/Moscow)
Запустите ту же команду позже — готовые страницы будут пропущены.
